1>#  Prueba de operaciones de colaDePrioridad.
2>Se insertó el elemento.
3>Se insertó el elemento.
4>Se insertó el elemento.
5>Se insertó el elemento.
6>Se insertó el elemento.
7>Se insertó el elemento.
8>Se insertó el elemento.
9>Se insertó el elemento.
10>Se insertó el elemento.
11>Se insertó el elemento.
12>Se insertó el elemento.
13>Se insertó el elemento.
14>Se insertó el elemento.
15>Se insertó el elemento.
16>Se insertó el elemento.
17>Se insertó el elemento.
18>Se insertó el elemento.
19>Se insertó el elemento.
20>Se insertó el elemento.
21>65
22>Eliminado.
23>74
24>Eliminado.
25>21
26>Eliminado.
27>99
28>Eliminado.
29>32
30>Eliminado.
31>31
32>Eliminado.
33>Se actualizó el valor.
34>17
35>Eliminado.
36>35
37>2.50.
38>Se actualizó el valor.
39>19
40>Eliminado.
41>No está.
42>Eliminado.
43>Eliminado.
44>Eliminado.
45>Eliminado.
46>Eliminado.
47>Eliminado.
48>Eliminado.
49>Eliminado.
50>Eliminado.
51>Eliminado.
52>Eliminado.
53>Vacia.
54>Fin.
