1>Nuevos vecinos: 1 2 1.00.
2>Son vecinos.
3>NO son vecinos.
4>Fin.
