1>Nuevos vecinos: 1 2 1.00.
2>Son vecinos.
3>NO son vecinos.
4>1.00
5>2 
6>1 
7>
8>NO hay M parejas.
9>Nuevos vecinos: 1 4 1.00.
10>Nuevos vecinos: 3 2 1.00.
11>2 4 
12>1 3 
13>1 
14>NO hay M parejas.
15>1 1 1 1 0 0 0 0 0 0 
16>0 0 0 0 0 0 0 0 0 1 
17>Fin.
