1>Nuevos vecinos: 1 2 1.00.
2>Son vecinos.
3>NO son vecinos.
4>1.00
5>2 
6>1 
7>
8>10.
9>Nuevos vecinos: 1 4 1.00.
10>Nuevos vecinos: 3 9 1.00.
11>2 4 
12>1 
13>1 
14>10.
15>0 0 1 0 0 0 0 0 1 0 
16>1 1 0 1 0 0 0 0 0 0 
17>0 0 0 0 0 0 0 0 0 1 
18>Fin.
