1>Nuevos vecinos: 2 1 5.00.
2>Nuevos vecinos: 3 1 5.00.
3>Nuevos vecinos: 10 1 5.00.
4>Nuevos vecinos: 9 1 5.00.
5>Nuevos vecinos: 8 1 5.00.
6>NO hay M parejas.
7>Son vecinos.
8>NO son vecinos.
9>5.00
10>1 
11>1 
12>
13>5.00 10.00 0.00 INF INF INF INF 10.00 10.00 10.00 
14>INF INF INF INF INF 0.00 INF INF INF INF 
15>10.
16>Nuevos vecinos: 2 3 1.00.
17>Nuevos vecinos: 2 10 1.00.
18>Nuevos vecinos: 2 9 1.00.
19>Nuevos vecinos: 2 8 1.00.
20>Nuevos vecinos: 4 7 2.00.
21>5.00 1.00 0.00 INF INF INF INF 2.00 2.00 2.00 
22>INF INF INF INF INF 0.00 INF INF INF INF 
23>Nuevos vecinos: 7 5 2.00.
24>Nuevos vecinos: 4 5 2.00.
25>INF INF INF 0.00 2.00 INF 2.00 INF INF INF 
26>Nuevos vecinos: 10 9 2.00.
27>Nuevos vecinos: 10 8 2.00.
28>Nuevos vecinos: 10 3 2.00.
29>Nuevos vecinos: 8 3 2.00.
30>Nuevos vecinos: 9 3 2.00.
31>Nuevos vecinos: 9 8 2.00.
32>INF INF INF 0.00 2.00 INF 2.00 INF INF INF 
33>Nuevos vecinos: 6 1 0.10.
34>Nuevos vecinos: 6 2 0.10.
35>Nuevos vecinos: 6 3 0.10.
36>Nuevos vecinos: 6 8 0.10.
37>Nuevos vecinos: 6 9 0.10.
38>Nuevos vecinos: 6 10 0.10.
39>0.00 0.20 0.20 INF INF 0.10 INF 0.20 0.20 0.20 
40>Nuevos vecinos: 4 1 0.50.
41>Nuevos vecinos: 4 2 0.50.
42>Nuevos vecinos: 4 3 0.50.
43>Nuevos vecinos: 4 9 0.50.
44>Nuevos vecinos: 4 10 0.50.
45>NO hay M parejas.
46>Nuevos vecinos: 4 8 0.50.
47>Hay M parejas.
48>0.50 0.50 0.50 0.00 2.00 0.60 2.00 0.50 0.50 0.50 
49>Fin.
